// Jest Snapshot v1, https://goo.gl/fbAQLP

exports[`Dashboard Screen  Snapshot  1`] = `
<Provider
  store={
    Object {
      "@@observable": [Function],
      "dispatch": [Function],
      "getState": [Function],
      "replaceReducer": [Function],
      "subscribe": [Function],
    }
  }
>
  <DashboardScreen />
</Provider>
`;
